Last login: Tue May 20 11:26:01 on ttys000
ndesantis@Nicks-MacBook-Pro veralux-suite % node provision-client.cjs --name brightbuild14

ğŸ” API Key for brightbuild14: 1e1e91c2-5eaf-40e2-9a38-05e9515f569f
ğŸ“ Creating provisioned/veralux-brightbuild14 from template...
ğŸš€ Initialized: veralux-brightbuild14
ğŸ”§ Attempting to create GitHub repo for: veralux-brightbuild14
POST /orgs/VeraLux-AI/repos - 422 with id DAD7:304919:91F3053:9659F8F:682CC95D in 446ms
âŒ GitHub push failed: Repository creation failed.: {"resource":"Repository","code":"custom","field":"name","message":"name already exists on this account"} - https://docs.github.com/rest/repos/repos#create-an-organization-repository
ğŸŒ Creating Render Web Service...
ğŸ§ª Render Payload Preview:
{
  "name": "veralux-brightbuild14",
  "ownerId": "tea-cvisfjadbo4c739bq74g",
  "type": "web_service",
  "repo": {
    "url": "https://github.com/VeraLux-AI/veralux-brightbuild14",
    "branch": "main",
    "autoDeploy": true
  },
  "serviceDetails": {
    "runtimeEnvironment": "node",
    "buildCommand": "npm install",
    "startCommand": "node server.js",
    "rootDir": ".",
    "region": "oregon",
    "envVars": [
      {
        "key": "DEPLOYMENT_ID",
        "value": "brightbuild14",
        "isSecret": true
      },
      {
        "key": "CONFIG_API_KEY",
        "value": "1e1e91c2-5eaf-40e2-9a38-05e9515f569f",
        "isSecret": true
      },
      {
        "key": "CONFIG_ENDPOINT",
        "value": "https://portal.veralux.ai/api/configs",
        "isSecret": true
      },
      {
        "key": "USE_REMOTE_CONFIG",
        "value": "true",
        "isSecret": true
      },
      {
        "key": "GDRIVE_FOLDER_ID",
        "value": "1-Q9FrUloTVZs-NeaZqKxe5jPYnHJJRfs",
        "isSecret": true
      }
    ]
  }
}
âŒ Render service creation failed: { message: 'invalid JSON' }
âŒ Render deployment failed: invalid JSON
ğŸ“¦ .env written to provisioned/veralux-brightbuild14/.env
ndesantis@Nicks-MacBook-Pro veralux-suite % node provision-client.cjs --name brightbuild15

ğŸ” API Key for brightbuild15: feabb6c9-4062-4be7-a3fa-20efbcd95166
ğŸ“ Creating provisioned/veralux-brightbuild15 from template...
ğŸš€ Initialized: veralux-brightbuild15
ğŸ”§ Attempting to create GitHub repo for: veralux-brightbuild15
POST /orgs/VeraLux-AI/repos - 422 with id DAE4:2B239:120F739A:12A963A4:682CCADD in 574ms
âŒ GitHub push failed: Repository creation failed.: {"resource":"Repository","code":"custom","field":"name","message":"name already exists on this account"} - https://docs.github.com/rest/repos/repos#create-an-organization-repository
ğŸŒ Creating Render Web Service...
ğŸ§ª Render Payload Preview:
{
  "name": "veralux-brightbuild15",
  "ownerId": "tea-cvisfjadbo4c739bq74g",
  "type": "web_service",
  "repo": {
    "url": "https://github.com/VeraLux-AI/veralux-brightbuild15",
    "branch": "main",
    "autoDeploy": true
  },
  "serviceDetails": {
    "runtimeEnvironment": "node",
    "buildCommand": "npm install",
    "startCommand": "node server.js",
    "rootDir": ".",
    "region": "oregon",
    "envVars": [
      {
        "key": "DEPLOYMENT_ID",
        "value": "brightbuild15",
        "isSecret": true
      },
      {
        "key": "CONFIG_API_KEY",
        "value": "feabb6c9-4062-4be7-a3fa-20efbcd95166",
        "isSecret": true
      },
      {
        "key": "CONFIG_ENDPOINT",
        "value": "https://portal.veralux.ai/api/configs",
        "isSecret": true
      },
      {
        "key": "USE_REMOTE_CONFIG",
        "value": "true",
        "isSecret": true
      },
      {
        "key": "GDRIVE_FOLDER_ID",
        "value": "1-Q9FrUloTVZs-NeaZqKxe5jPYnHJJRfs",
        "isSecret": true
      }
    ]
  }
}
âŒ Render service creation failed: { message: 'invalid JSON' }
âŒ Render deployment failed: invalid JSON
ğŸ“¦ .env written to provisioned/veralux-brightbuild15/.env
ndesantis@Nicks-MacBook-Pro veralux-suite % node provision-client.cjs --name brightbuild16
ğŸ” API Key for brightbuild16: 3ffe2baf-0f68-43a7-8b10-cbca983301f6
ğŸ“ Creating provisioned/veralux-brightbuild16 from template...
ğŸš€ Initialized: veralux-brightbuild16
ğŸ”§ Attempting to create GitHub repo for: veralux-brightbuild16
ğŸ“¡ Created GitHub repo: VeraLux-AI/veralux-brightbuild16
To https://github.com/VeraLux-AI/veralux-brightbuild16.git
 * [new branch]      main -> main
âœ… Repo pushed to GitHub: VeraLux-AI/veralux-brightbuild16
ğŸŒ Creating Render Web Service...
ğŸ§ª Render Payload Preview:
{
  "name": "veralux-brightbuild16",
  "ownerId": "tea-cvisfjadbo4c739bq74g",
  "type": "web_service",
  "repo": {
    "url": "https://github.com/VeraLux-AI/veralux-brightbuild16",
    "branch": "main",
    "autoDeploy": true
  },
  "serviceDetails": {
    "runtimeEnvironment": "node",
    "buildCommand": "npm install",
    "startCommand": "node server.js",
    "rootDir": ".",
    "region": "oregon",
    "envVars": [
      {
        "key": "DEPLOYMENT_ID",
        "value": "brightbuild16",
        "isSecret": true
      },
      {
        "key": "CONFIG_API_KEY",
        "value": "3ffe2baf-0f68-43a7-8b10-cbca983301f6",
        "isSecret": true
      },
      {
        "key": "CONFIG_ENDPOINT",
        "value": "https://portal.veralux.ai/api/configs",
        "isSecret": true
      },
      {
        "key": "USE_REMOTE_CONFIG",
        "value": "true",
        "isSecret": true
      },
      {
        "key": "GDRIVE_FOLDER_ID",
        "value": "1-Q9FrUloTVZs-NeaZqKxe5jPYnHJJRfs",
        "isSecret": true
      }
    ]
  }
}
âŒ Render service creation failed: { message: 'invalid JSON' }
âŒ Render deployment failed: invalid JSON
ğŸ“¦ .env written to provisioned/veralux-brightbuild16/.env
ndesantis@Nicks-MacBook-Pro veralux-suite % node provision-client.cjs --name brightbuild17
ğŸ” API Key for brightbuild17: 143826a8-72df-452f-857b-2768e2d31251
ğŸ“ Creating provisioned/veralux-brightbuild17 from template...
ğŸš€ Initialized: veralux-brightbuild17
ğŸ”§ Attempting to create GitHub repo for: veralux-brightbuild17
ğŸ“¡ Created GitHub repo: VeraLux-AI/veralux-brightbuild17
To https://github.com/VeraLux-AI/veralux-brightbuild17.git
 * [new branch]      main -> main
âœ… Repo pushed to GitHub: VeraLux-AI/veralux-brightbuild17
ğŸŒ Creating Render Web Service...
ğŸ§ª Render Payload Preview:
{
  "name": "veralux-brightbuild17",
  "ownerId": "tea-cvisfjadbo4c739bq74g",
  "type": "web_service",
  "repo": {
    "url": "https://github.com/VeraLux-AI/veralux-brightbuild17",
    "branch": "main",
    "autoDeploy": true
  },
  "serviceDetails": {
    "runtimeEnvironment": "node",
    "buildCommand": "npm install",
    "startCommand": "node server.js",
    "rootDir": ".",
    "region": "oregon",
    "envVars": [
      {
        "key": "DEPLOYMENT_ID",
        "value": "brightbuild17"
      },
      {
        "key": "CONFIG_API_KEY",
        "value": "143826a8-72df-452f-857b-2768e2d31251"
      },
      {
        "key": "CONFIG_ENDPOINT",
        "value": "https://portal.veralux.ai/api/configs"
      },
      {
        "key": "USE_REMOTE_CONFIG",
        "value": "true"
      },
      {
        "key": "GDRIVE_FOLDER_ID",
        "value": "1-Q9FrUloTVZs-NeaZqKxe5jPYnHJJRfs"
      }
    ]
  }
}
âŒ Render service creation failed: { message: 'invalid JSON' }
âŒ Render deployment failed: invalid JSON
ğŸ“¦ .env written to provisioned/veralux-brightbuild17/.env
ndesantis@Nicks-MacBook-Pro veralux-suite % node provision-client.cjs --name brightbuild18

ğŸ” API Key for brightbuild18: 237c724f-9116-457a-875a-571dce289d60
ğŸ“ Creating provisioned/veralux-brightbuild18 from template...
ğŸš€ Initialized: veralux-brightbuild18
ğŸ”§ Attempting to create GitHub repo for: veralux-brightbuild18
ğŸ“¡ Created GitHub repo: VeraLux-AI/veralux-brightbuild18
To https://github.com/VeraLux-AI/veralux-brightbuild18.git
 * [new branch]      main -> main
âœ… Repo pushed to GitHub: VeraLux-AI/veralux-brightbuild18
ğŸŒ Creating Render Web Service...
âŒ Render deployment failed: âŒ Missing RENDER_ENV_GROUP_ID in .env
ğŸ“¦ .env written to provisioned/veralux-brightbuild18/.env
ndesantis@Nicks-MacBook-Pro veralux-suite % node provision-client.cjs --name brightbuild19
/Users/ndesantis/Documents/GitHub/veralux-suite/provision-client.cjs:3
require('dotenv').config({ path: path.resolve(__dirname, '.env') });
                                 ^

ReferenceError: path is not defined
    at Object.<anonymous> (/Users/ndesantis/Documents/GitHub/veralux-suite/provision-client.cjs:3:34)
    at Module._compile (node:internal/modules/cjs/loader:1469:14)
    at Module._extensions..js (node:internal/modules/cjs/loader:1548:10)
    at Module.load (node:internal/modules/cjs/loader:1288:32)
    at Module._load (node:internal/modules/cjs/loader:1104:12)
    at Function.executeUserEntryPoint [as runMain] (node:internal/modules/run_main:173:12)
    at node:internal/main/run_main_module:28:49

Node.js v20.18.3
ndesantis@Nicks-MacBook-Pro veralux-suite % node provision-client.cjs --name brightbuild18

ğŸ” API Key for brightbuild18: efdaf061-1b45-421f-b44a-f80db2e7e069
ğŸ“ Creating provisioned/veralux-brightbuild18 from template...
ğŸš€ Initialized: veralux-brightbuild18
ğŸ”§ Attempting to create GitHub repo for: veralux-brightbuild18
POST /orgs/VeraLux-AI/repos - 422 with id DBE5:2676C5:882B0B7:8C3A1AA:682CD5BA in 498ms
âŒ GitHub push failed: Repository creation failed.: {"resource":"Repository","code":"custom","field":"name","message":"name already exists on this account"} - https://docs.github.com/rest/repos/repos#create-an-organization-repository
ğŸŒ Creating Render Web Service...
âŒ Render deployment failed: âŒ Missing RENDER_ENV_GROUP_ID in .env
ğŸ“¦ .env written to provisioned/veralux-brightbuild18/.env
ndesantis@Nicks-MacBook-Pro veralux-suite % node -e "const path = require('path'); require('dotenv').config({ path: path.resolve(__dirname, '.env') }); console.log('âœ… Loaded:', process.env.RENDER_ENV_GROUP_ID)"

âœ… Loaded: undefined
ndesantis@Nicks-MacBook-Pro veralux-suite % ls -la .env

-rw-r--r--@ 1 ndesantis  staff  764 May 20 11:22 .env
ndesantis@Nicks-MacBook-Pro veralux-suite % cat -vet .env

# VeraLux Suite Environment Variables$
$
PORT=3000$
GDRIVE_FOLDER_ID=1-Q9FrUloTVZs-NeaZqKxe5jPYnHJJRfs$
# STRIPE_SECRET_KEY=your-stripe-secret-key-here$
OPENAI_API_KEY=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$
RENDER_API_KEY=rnd_WqtnjmrNl9HOgALj3qF0Z0G82vyV$
RENDER_SOLOMON_SERVICE_ID=srv-cvva0v0dl3ps739foekg$
CONFIG_URL=https://veralux.ai/configs/elevatedgarage/settings.json$
ADMIN_PASSWORD=Fratelli8*8$
GITHUB_TOKEN=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$
GITHUB_ORG=VeraLux-AI$
DEFAULT_CONFIG_API_KEY=6f17aa7db0f098077593fe026fae48204e0fb30af8485849$
RENDER_OWNER_ID=tea-cvisfjadbo4c739bq74g$
$
ndesantis@Nicks-MacBook-Pro veralux-suite % rm .env
echo 'RENDER_ENV_GROUP_ID=evg-d0ejlgk9c44c73853e20' > .env

ndesantis@Nicks-MacBook-Pro veralux-suite % node -e "const path = require('path'); require('dotenv').config({ path: path.resolve(__dirname, '.env') }); console.log('âœ… Loaded:', process.env.RENDER_ENV_GROUP_ID)"

âœ… Loaded: evg-d0ejlgk9c44c73853e20
ndesantis@Nicks-MacBook-Pro veralux-suite % node provision-client.cjs --name brightbuild19

ğŸ” API Key for brightbuild19: 94ff17b0-1974-4e4e-80d5-9865b4b13106
ğŸ“ Creating provisioned/veralux-brightbuild19 from template...
ğŸš€ Initialized: veralux-brightbuild19
ğŸ”§ Attempting to create GitHub repo for: veralux-brightbuild19
POST /orgs/VeraLux-AI/repos - 401 with id DBEC:2FC454:1B0F9C9:1BCA12C:682CD6B7 in 312ms
âŒ GitHub push failed: Requires authentication - https://docs.github.com/rest/repos/repos#create-an-organization-repository
ğŸŒ Creating Render Web Service...
âŒ Render deployment failed: âŒ Missing RENDER_API_KEY in .env
/Users/ndesantis/Documents/GitHub/veralux-suite/provision-client.cjs:154
  throw new Error("âŒ GDRIVE_FOLDER_ID is missing from your .env file. Please set it before deploying.");
        ^

Error: âŒ GDRIVE_FOLDER_ID is missing from your .env file. Please set it before deploying.
    at /Users/ndesantis/Documents/GitHub/veralux-suite/provision-client.cjs:154:9
    at process.processTicksAndRejections (node:internal/process/task_queues:95:5)

Node.js v20.18.3
ndesantis@Nicks-MacBook-Pro veralux-suite % nano .env


  UW PICO 5.09                       File: .env                       Modified  

GITHUB_TOKEN=github_pat_11BSKF6EY066eZGf8mrqoU_sixVnc5C2BIlu8LaN9kxAK5Po75owqPr$
RENDER_API_KEY=rnd_WqtnjmrNl9HOgALj3qF0Z0G82vyV
RENDER_ENV_GROUP_ID=evg-d0ejlgk9c44c73853e20
GDRIVE_FOLDER_ID=1-Q9FrUloTVZs-NeaZqKxe5jPYnHJJRfs
                                                  















^G Get Help  ^O WriteOut  ^R Read File ^Y Prev Pg   ^K Cut Text  ^C Cur Pos   
^X Exit      ^J Justify   ^W Where is  ^V Next Pg   ^U UnCut Text^T To Spell  
